left of left of xKw
left of xKw
xKw
right of xKw
right of right of xKw
left of left of pAR
left of pAR
pAR
JIV
right of JIV
left of rHj
rHj
right of rHj
right of right of rHj
right of right of right of rHj
right of right of right of right of rHj
right of right of right of right of right of rHj
right of right of right of right of right of right of rHj
right of right of right of right of right of right of right of rHj
right of right of right of right of right of right of right of right of rHj
right of right of right of right of right of right of right of right of right of rHj
right of right of right of right of right of right of right of right of right of right of rHj
right of right of right of right of right of right of right of right of right of right of right of rHj
right of right of right of right of right of right of right of right of right of right of right of right of rHj
right of right of right of right of right of right of right of right of right of right of right of right of right of rHj
right of right of right of right of right of right of right of right of right of right of right of right of right of right of rHj
right of right of right of right of right of right of right of right of right of right of right of right of right of right of right of rHj
middle of rHj and aup
left of left of left of left of left of left of left of left of left of left of left of left of left of left of left of aup
left of left of left of left of left of left of left of left of left of left of left of left of left of left of aup
left of left of left of left of left of left of left of left of left of left of left of left of left of aup
left of left of left of left of left of left of left of left of left of left of left of left of aup
left of left of left of left of left of left of left of left of left of left of left of aup
left of left of left of left of left of left of left of left of left of left of aup
left of left of left of left of left of left of left of left of left of aup
left of left of left of left of left of left of left of left of aup
left of left of left of left of left of left of left of aup
left of left of left of left of left of left of aup
left of left of left of left of left of aup
left of left of left of left of aup
left of left of left of aup
left of left of aup
left of aup
aup
right of aup
right of right of aup
middle of aup and VUX
left of left of VUX
left of VUX
VUX
right of VUX
right of right of VUX
right of right of right of VUX
left of left of left of gdz
left of left of gdz
left of gdz
gdz
middle of gdz and oXs
oXs
middle of oXs and jHG
jHG
right of jHG
left of dnC
dnC
right of dnC
left of Bcb
Bcb
right of Bcb
right of right of Bcb
right of right of right of Bcb
right of right of right of right of Bcb
right of right of right of right of right of Bcb
right of right of right of right of right of right of Bcb
right of right of right of right of right of right of right of Bcb
right of right of right of right of right of right of right of right of Bcb
right of right of right of right of right of right of right of right of right of Bcb
right of right of right of right of right of right of right of right of right of right of Bcb
right of right of right of right of right of right of right of right of right of right of right of Bcb
right of right of right of right of right of right of right of right of right of right of right of right of Bcb
right of right of right of right of right of right of right of right of right of right of right of right of right of Bcb
right of right of right of right of right of right of right of right of right of right of right of right of right of right of Bcb
right of right of right of right of right of right of right of right of right of right of right of right of right of right of right of Bcb
right of right of right of right of right of right of right of right of right of right of right of right of right of right of right of right of Bcb
right of right of right of right of right of right of right of right of right of right of right of right of right of right of right of right of right of Bcb
right of right of right of right of right of right of right of right of right of right of right of right of right of right of right of right of right of right of Bcb
right of right of right of right of right of right of right of right of right of right of right of right of right of right of right of right of right of right of right of Bcb
right of right of right of right of right of right of right of right of right of right of right of right of right of right of right of right of right of right of right of right of Bcb
right of right of right of right of right of right of right of right of right of right of right of right of right of right of right of right of right of right of right of right of right of Bcb
right of right of right of right of right of right of right of right of right of right of right of right of right of right of right of right of right of right of right of right of right of right of Bcb
right of right of right of right of right of right of right of right of right of right of right of right of right of right of right of right of right of right of right of right of right of right of right of Bcb
right of right of right of right of right of right of right of right of right of right of right of right of right of right of right of right of right of right of right of right of right of right of right of right of Bcb
right of right of right of right of right of right of right of right of right of right of right of right of right of right of right of right of right of right of right of right of right of right of right of right of right of Bcb
right of right of right of right of right of right of right of right of right of right of right of right of right of right of right of right of right of right of right of right of right of right of right of right of right of right of Bcb
right of right of right of right of right of right of right of right of right of right of right of right of right of right of right of right of right of right of right of right of right of right of right of right of right of right of right of Bcb
right of right of right of right of right of right of right of right of right of right of right of right of right of right of right of right of right of right of right of right of right of right of right of right of right of right of right of right of Bcb
right of right of right of right of right of right of right of right of right of right of right of right of right of right of right of right of right of right of right of right of right of right of right of right of right of right of right of right of right of Bcb
right of right of right of right of right of right of right of right of right of right of right of right of right of right of right of right of right of right of right of right of right of right of right of right of right of right of right of right of right of right of Bcb
right of right of right of right of right of right of right of right of right of right of right of right of right of right of right of right of right of right of right of right of right of right of right of right of right of right of right of right of right of right of right of Bcb
right of right of right of right of right of right of right of right of right of right of right of right of right of right of right of right of right of right of right of right of right of right of right of right of right of right of right of right of right of right of right of right of Bcb
right of right of right of right of right of right of right of right of right of right of right of right of right of right of right of right of right of right of right of right of right of right of right of right of right of right of right of right of right of right of right of right of right of Bcb
